{
  "playedAt" : 1234567890,
  "playerIndex" : 0,
  "reactions" : {
    "0" : "ðŸ˜‡",
    "1" : "ðŸ˜¡"
  },
  "score" : 21,
  "type" : {
    "playedWord" : [
      {
        "index" : {
          "x" : 0,
          "y" : 1,
          "z" : 2
        },
        "side" : 1
      },
      {
        "index" : {
          "x" : 1,
          "y" : 1,
          "z" : 2
        },
        "side" : 1
      },
      {
        "index" : {
          "x" : 2,
          "y" : 1,
          "z" : 2
        },
        "side" : 1
      }
    ]
  }
}